Map Report - Chip 0
NRows 3
IO Module 
	Layer ID 0 Row Sub Idx 0 nrows 3 ncols 4 in filters 3 out rows 3 out cols 4  out filters 3 outscale 1 inscale 1 remap region 0 scaleoutput 0 outscalemult 1 outscaleshift 0 scaleprefetch 0 prefetchscalemult 1 prefetchscaleshift 0 Layer Memory 0 size 16384 max rows 4 start index 0 Base addr 0x0 Addr Mask 0x3fff xbar layer index 0 SINGLE LAYER 
		Dest Entry 0 src addr 0 len 12 simd base 0x1000000 simd mask 0x3fff dest layer 3 layer mem idx 0 dest addr 0x0 incr c remap addr 0x0 remap_mask ffffffff LAYER_MEM 
		Input Layer, input filters 
	Layer ID 1 Row Sub Idx 1 nrows 3 ncols 3 in filters 3 out rows 3 out cols 3  out filters 3 outscale 1 inscale 1 remap region 0 scaleoutput 0 outscalemult 1 outscaleshift 0 scaleprefetch 0 prefetchscalemult 1 prefetchscaleshift 0 Layer Memory 0 size 16384 max rows 4 start index 1 Base addr 0x4000 Addr Mask 0x3fff xbar layer index 0 SINGLE LAYER 
		Dest Entry 0 src addr 0 len 9 simd base 0x1040000 simd mask 0x3fff dest layer 4 layer mem idx 0 dest addr 0x0 incr 9 remap addr 0x0 remap_mask ffffffff LAYER_MEM 
		Input Layer, input filters 
	Layer ID 2 Row Sub Idx 2 nrows 3 ncols 3 in filters 3 out rows 3 out cols 3  out filters 3 outscale 1 inscale 1 remap region 0 scaleoutput 0 outscalemult 1 outscaleshift 0 scaleprefetch 0 prefetchscalemult 1 prefetchscaleshift 0 Layer Memory 0 size 16384 max rows 4 start index 2 Base addr 0x8000 Addr Mask 0x3fff xbar layer index 0 SINGLE LAYER 
		Dest Entry 0 src addr 0 len 9 simd base 0x1080000 simd mask 0x3fff dest layer 5 layer mem idx 0 dest addr 0x0 incr 9 remap addr 0x0 remap_mask ffffffff LAYER_MEM 
		Input Layer, input filters 
	Layer ID 6 Row Sub Idx 3 nrows 1 ncols 2 in filters 1 out rows 1 out cols 2  out filters 1 outscale 1 inscale 1 remap region 0 scaleoutput 0 outscalemult 1 outscaleshift 0 scaleprefetch 0 prefetchscalemult 1 prefetchscaleshift 0 Layer Memory 0 size 16384 max rows 4 start index 3 Base addr 0xc000 Addr Mask 0x3fff xbar layer index 0 SINGLE LAYER 
		Dest Entry 0 src addr 0 len 2 simd base 0x904000 simd mask 0x3fff dest layer 9 layer mem idx 0 dest addr 0x904000 incr 2 remap addr 0x0 remap_mask ffffffff LAYER_MEM 
		Output Layer, input filters 
	Layer ID 7 Row Sub Idx 4 nrows 1 ncols 1 in filters 1 out rows 1 out cols 1  out filters 1 outscale 1 inscale 1 remap region 0 scaleoutput 0 outscalemult 1 outscaleshift 0 scaleprefetch 0 prefetchscalemult 1 prefetchscaleshift 0 Layer Memory 0 size 16384 max rows 4 start index 4 Base addr 0x10000 Addr Mask 0x3fff xbar layer index 0 SINGLE LAYER 
		Dest Entry 0 src addr 0 len 1 simd base 0x908000 simd mask 0x3fff dest layer 10 layer mem idx 0 dest addr 0x908000 incr 1 remap addr 0x0 remap_mask ffffffff LAYER_MEM 
		Output Layer, input filters 
	Layer ID 8 Row Sub Idx 5 nrows 1 ncols 1 in filters 1 out rows 1 out cols 1  out filters 1 outscale 1 inscale 1 remap region 0 scaleoutput 0 outscalemult 1 outscaleshift 0 scaleprefetch 0 prefetchscalemult 1 prefetchscaleshift 0 Layer Memory 0 size 16384 max rows 4 start index 5 Base addr 0x14000 Addr Mask 0x3fff xbar layer index 0 SINGLE LAYER 
		Dest Entry 0 src addr 0 len 1 simd base 0x912000 simd mask 0x3fff dest layer 11 layer mem idx 0 dest addr 0x912000 incr 1 remap addr 0x0 remap_mask ffffffff LAYER_MEM 
		Output Layer, input filters 
Row 0
	Layer ID 3 Row Sub Idx 0 nrows 3 ncols 4 in filters 3 out rows 1 out cols 2  out filters 1 outscale 1 inscale 1 remap region 0 scaleoutput 0 outscalemult 1 outscaleshift 0 scaleprefetch 0 prefetchscalemult 1 prefetchscaleshift 0 Layer Memory 0 size 16384 max rows 4 start index 0 Base addr 0x0 Addr Mask 0x3fff xbar layer index 0 SINGLE LAYER 
		Dest Entry 0 src addr 0 len 2 simd base 0x300c000 simd mask 0x3fff dest layer 6 layer mem idx 0 dest addr 0x0 incr 2 remap addr 0x0 remap_mask ffffffff LAYER_MEM 
		Conv Layer filter_sz 3 skip 1 padl 0 padr 0 padt 0 padb 0 dilation 1 relu 0 skip add 0 start xbar 0 xbar cnt 1 start col 0 ncols 0 nxbars 1 1  nconvs 2 2  nblocks 1 versplit 256  horsplit 2048  adcscale 1 pos neg acts 0 col split parameters, grpshift 0 sign  1  shift 0  type  Convolution  Xbar start layer 0 
Row 1
	Layer ID 4 Row Sub Idx 0 nrows 3 ncols 3 in filters 3 out rows 1 out cols 1  out filters 1 outscale 1 inscale 1 remap region 0 scaleoutput 0 outscalemult 1 outscaleshift 0 scaleprefetch 0 prefetchscalemult 1 prefetchscaleshift 0 Layer Memory 0 size 16384 max rows 4 start index 0 Base addr 0x0 Addr Mask 0x3fff xbar layer index 0 SINGLE LAYER 
		Dest Entry 0 src addr 0 len 1 simd base 0x3010000 simd mask 0x3fff dest layer 7 layer mem idx 0 dest addr 0x0 incr 1 remap addr 0x0 remap_mask ffffffff LAYER_MEM 
		Conv Layer filter_sz 3 skip 1 padl 0 padr 0 padt 0 padb 0 dilation 1 relu 0 skip add 0 start xbar 1 xbar cnt 1 start col 0 ncols 0 nxbars 1 1  nconvs 1 1  nblocks 1 versplit 256  horsplit 2048  adcscale 1 pos neg acts 0 col split parameters, grpshift 0 sign  1  shift 0  type  Convolution  Xbar start layer 0 
Row 2
	Layer ID 5 Row Sub Idx 0 nrows 3 ncols 3 in filters 3 out rows 1 out cols 1  out filters 1 outscale 1 inscale 1 remap region 0 scaleoutput 0 outscalemult 1 outscaleshift 0 scaleprefetch 0 prefetchscalemult 1 prefetchscaleshift 0 Layer Memory 0 size 16384 max rows 4 start index 0 Base addr 0x0 Addr Mask 0x3fff xbar layer index 0 SINGLE LAYER 
		Dest Entry 0 src addr 0 len 1 simd base 0x3014000 simd mask 0x3fff dest layer 8 layer mem idx 0 dest addr 0x0 incr 1 remap addr 0x0 remap_mask ffffffff LAYER_MEM 
		Conv Layer filter_sz 3 skip 1 padl 0 padr 0 padt 0 padb 0 dilation 1 relu 0 skip add 0 start xbar 1 xbar cnt 1 start col 0 ncols 0 nxbars 1 1  nconvs 1 1  nblocks 1 versplit 256  horsplit 2048  adcscale 1 pos neg acts 0 col split parameters, grpshift 0 sign  1  shift 0  type  Convolution  Xbar start layer 0 
