Row 0 Xbar 0 Analog Gain 128 16
Row 0 Xbar 1 Analog Gain 128 16
Row 0 Xbar 2 Analog Gain 112 16
Row 0 Xbar 3 Analog Gain 128 16
Row 1 Xbar 0 Analog Gain 112 16
Row 1 Xbar 1 Analog Gain 128 16
Row 1 Xbar 2 Analog Gain 128 16
Row 1 Xbar 3 Analog Gain 128 16
Row 2 Xbar 0 Analog Gain 128 16
Row 2 Xbar 1 Analog Gain 128 16
Row 2 Xbar 2 Analog Gain 128 16
Row 2 Xbar 3 Analog Gain 128 16
Row 3 Xbar 0 Analog Gain 120 16
Row 3 Xbar 1 Analog Gain 120 16
Row 3 Xbar 2 Analog Gain 120 16
Row 3 Xbar 3 Analog Gain 128 16
Row 4 Xbar 0 Analog Gain 104 16
Row 4 Xbar 1 Analog Gain 104 16
Row 4 Xbar 2 Analog Gain 104 16
Row 4 Xbar 3 Analog Gain 1 1
Row 5 Xbar 0 Analog Gain 120 16
Row 5 Xbar 1 Analog Gain 120 16
Row 5 Xbar 2 Analog Gain 120 16
Row 5 Xbar 3 Analog Gain 1 1
Row 6 Xbar 0 Analog Gain 128 16
Row 6 Xbar 1 Analog Gain 128 16
Row 6 Xbar 2 Analog Gain 128 16
Row 6 Xbar 3 Analog Gain 1 1
Row 7 Xbar 0 Analog Gain 72 16
Row 7 Xbar 1 Analog Gain 72 16
Row 7 Xbar 2 Analog Gain 72 16
Row 7 Xbar 3 Analog Gain 128 16
Row 8 Xbar 0 Analog Gain 128 16
Row 8 Xbar 1 Analog Gain 128 16
Row 8 Xbar 2 Analog Gain 128 16
Row 8 Xbar 3 Analog Gain 1 1
Row 9 Xbar 0 Analog Gain 96 16
Row 9 Xbar 1 Analog Gain 96 16
Row 9 Xbar 2 Analog Gain 96 16
Row 9 Xbar 3 Analog Gain 1 1
Row 10 Xbar 0 Analog Gain 8 16
Row 10 Xbar 1 Analog Gain 8 16
Row 10 Xbar 2 Analog Gain 8 16
Row 10 Xbar 3 Analog Gain 112 16
Row 11 Xbar 0 Analog Gain 128 16
Row 11 Xbar 1 Analog Gain 128 16
Row 11 Xbar 2 Analog Gain 112 16
Row 11 Xbar 3 Analog Gain 128 16
Row 12 Xbar 0 Analog Gain 112 16
Row 12 Xbar 1 Analog Gain 128 16
Row 12 Xbar 2 Analog Gain 128 16
Row 12 Xbar 3 Analog Gain 128 16
Row 13 Xbar 0 Analog Gain 128 16
Row 13 Xbar 1 Analog Gain 128 16
Row 13 Xbar 2 Analog Gain 128 16
Row 13 Xbar 3 Analog Gain 128 16
Row 14 Xbar 0 Analog Gain 120 16
Row 14 Xbar 1 Analog Gain 120 16
Row 14 Xbar 2 Analog Gain 120 16
Row 14 Xbar 3 Analog Gain 128 16
Row 15 Xbar 0 Analog Gain 104 16
Row 15 Xbar 1 Analog Gain 104 16
Row 15 Xbar 2 Analog Gain 104 16
Row 15 Xbar 3 Analog Gain 1 1
Row 16 Xbar 0 Analog Gain 120 16
Row 16 Xbar 1 Analog Gain 120 16
Row 16 Xbar 2 Analog Gain 120 16
Row 16 Xbar 3 Analog Gain 1 1
Row 17 Xbar 0 Analog Gain 128 16
Row 17 Xbar 1 Analog Gain 128 16
Row 17 Xbar 2 Analog Gain 128 16
Row 17 Xbar 3 Analog Gain 1 1
Row 18 Xbar 0 Analog Gain 72 16
Row 18 Xbar 1 Analog Gain 72 16
Row 18 Xbar 2 Analog Gain 72 16
Row 18 Xbar 3 Analog Gain 128 16
Row 19 Xbar 0 Analog Gain 128 16
Row 19 Xbar 1 Analog Gain 128 16
Row 19 Xbar 2 Analog Gain 128 16
Row 19 Xbar 3 Analog Gain 1 1
Row 20 Xbar 0 Analog Gain 96 16
Row 20 Xbar 1 Analog Gain 96 16
Row 20 Xbar 2 Analog Gain 96 16
Row 20 Xbar 3 Analog Gain 1 1
Row 21 Xbar 0 Analog Gain 8 16
Row 21 Xbar 1 Analog Gain 8 16
Row 21 Xbar 2 Analog Gain 8 16
Row 21 Xbar 3 Analog Gain 112 16
