Start Configure Chip 0-----------------------------
Start Configure Row 32------------
from row list:
Row 10 Layer 4 Sync_Counter 1
Row 21 Layer 5 Sync_Counter 1
to row list:
Row 0 Layer 2 Dest_Entry 0 Dest_Entry_Count 1 Dest_Count 0 Sync_Counter 0
Row 11 Layer 3 Dest_Entry 0 Dest_Entry_Count 1 Dest_Count 0 Sync_Counter 0

Start Configure Row 0-----------------------------
from row list:
Row 32 Layer 0 Sync_Counter 1
to row list:
Row 1 Layer 3 Dest_Entry 0 Dest_Entry_Count 2 Dest_Count 0 Sync_Counter 0
Row 1 Layer 3 Dest_Entry 0 Dest_Entry_Count 2 Dest_Count 128 Sync_Counter 1

Start Configure Row 1-----------------------------
from row list:
Row 0 Layer 0 Sync_Counter 1
Row 0 Layer 1 Sync_Counter 3
to row list:
Row 2 Layer 1 Dest_Entry 0 Dest_Entry_Count 2 Dest_Count 0 Sync_Counter 1
Row 2 Layer 3 Dest_Entry 0 Dest_Entry_Count 1 Dest_Count 128 Sync_Counter 0

Start Configure Row 2-----------------------------
from row list:
Row 1 Layer 0 Sync_Counter 2
Row 1 Layer 0 Sync_Counter 3
to row list:
Row 3 Layer 2 Dest_Entry 0 Dest_Entry_Count 2 Dest_Count 0 Sync_Counter 1
Row 3 Layer 3 Dest_Entry 0 Dest_Entry_Count 1 Dest_Count 0 Sync_Counter 0

Start Configure Row 3-----------------------------
from row list:
Row 2 Layer 0 Sync_Counter 1
Row 2 Layer 1 Sync_Counter 2
to row list:
Row 4 Layer 1 Dest_Entry 0 Dest_Entry_Count 2 Dest_Count 0 Sync_Counter 0
Row 5 Layer 1 Dest_Entry 0 Dest_Entry_Count 2 Dest_Count 128 Sync_Counter 1

Start Configure Row 4-----------------------------
from row list:
Row 3 Layer 0 Sync_Counter 1
to row list:
Row 5 Layer 0 Dest_Entry 0 Dest_Entry_Count 1 Dest_Count 0 Sync_Counter 0

Start Configure Row 5-----------------------------
from row list:
Row 4 Layer 0 Sync_Counter 2
Row 3 Layer 0 Sync_Counter 3
to row list:
Row 6 Layer 0 Dest_Entry 0 Dest_Entry_Count 2 Dest_Count 0 Sync_Counter 0
Row 7 Layer 0 Dest_Entry 0 Dest_Entry_Count 2 Dest_Count 1 Sync_Counter 1

Start Configure Row 6-----------------------------
from row list:
Row 5 Layer 0 Sync_Counter 1
to row list:
Row 7 Layer 0 Dest_Entry 0 Dest_Entry_Count 1 Dest_Count 0 Sync_Counter 0

Start Configure Row 7-----------------------------
from row list:
Row 6 Layer 0 Sync_Counter 1
Row 5 Layer 1 Sync_Counter 2
to row list:
Row 8 Layer 1 Dest_Entry 0 Dest_Entry_Count 2 Dest_Count 0 Sync_Counter 0
Row 9 Layer 1 Dest_Entry 0 Dest_Entry_Count 2 Dest_Count 128 Sync_Counter 1

Start Configure Row 8-----------------------------
from row list:
Row 7 Layer 0 Sync_Counter 1
to row list:
Row 9 Layer 0 Dest_Entry 0 Dest_Entry_Count 1 Dest_Count 0 Sync_Counter 0

Start Configure Row 9-----------------------------
from row list:
Row 8 Layer 0 Sync_Counter 1
Row 7 Layer 0 Sync_Counter 2
to row list:
Row 10 Layer 0 Dest_Entry 0 Dest_Entry_Count 1 Dest_Count 0 Sync_Counter 0

Start Configure Row 10-----------------------------
from row list:
Row 9 Layer 0 Sync_Counter 1
to row list:
Row 32 Layer 1 Dest_Entry 0 Dest_Entry_Count 1 Dest_Count 0 Sync_Counter 0

Start Configure Row 11-----------------------------
from row list:
Row 32 Layer 0 Sync_Counter 1
to row list:
Row 12 Layer 3 Dest_Entry 0 Dest_Entry_Count 2 Dest_Count 0 Sync_Counter 0
Row 12 Layer 3 Dest_Entry 0 Dest_Entry_Count 2 Dest_Count 128 Sync_Counter 1

Start Configure Row 12-----------------------------
from row list:
Row 11 Layer 0 Sync_Counter 1
Row 11 Layer 1 Sync_Counter 3
to row list:
Row 13 Layer 1 Dest_Entry 0 Dest_Entry_Count 2 Dest_Count 0 Sync_Counter 1
Row 13 Layer 3 Dest_Entry 0 Dest_Entry_Count 1 Dest_Count 128 Sync_Counter 0

Start Configure Row 13-----------------------------
from row list:
Row 12 Layer 0 Sync_Counter 2
Row 12 Layer 0 Sync_Counter 3
to row list:
Row 14 Layer 2 Dest_Entry 0 Dest_Entry_Count 2 Dest_Count 0 Sync_Counter 1
Row 14 Layer 3 Dest_Entry 0 Dest_Entry_Count 1 Dest_Count 0 Sync_Counter 0

Start Configure Row 14-----------------------------
from row list:
Row 13 Layer 0 Sync_Counter 1
Row 13 Layer 1 Sync_Counter 2
to row list:
Row 15 Layer 1 Dest_Entry 0 Dest_Entry_Count 2 Dest_Count 0 Sync_Counter 0
Row 16 Layer 1 Dest_Entry 0 Dest_Entry_Count 2 Dest_Count 128 Sync_Counter 1

Start Configure Row 15-----------------------------
from row list:
Row 14 Layer 0 Sync_Counter 1
to row list:
Row 16 Layer 0 Dest_Entry 0 Dest_Entry_Count 1 Dest_Count 0 Sync_Counter 0

Start Configure Row 16-----------------------------
from row list:
Row 15 Layer 0 Sync_Counter 2
Row 14 Layer 0 Sync_Counter 3
to row list:
Row 17 Layer 0 Dest_Entry 0 Dest_Entry_Count 2 Dest_Count 0 Sync_Counter 0
Row 18 Layer 0 Dest_Entry 0 Dest_Entry_Count 2 Dest_Count 1 Sync_Counter 1

Start Configure Row 17-----------------------------
from row list:
Row 16 Layer 0 Sync_Counter 1
to row list:
Row 18 Layer 0 Dest_Entry 0 Dest_Entry_Count 1 Dest_Count 0 Sync_Counter 0

Start Configure Row 18-----------------------------
from row list:
Row 17 Layer 0 Sync_Counter 1
Row 16 Layer 1 Sync_Counter 2
to row list:
Row 19 Layer 1 Dest_Entry 0 Dest_Entry_Count 2 Dest_Count 0 Sync_Counter 0
Row 20 Layer 1 Dest_Entry 0 Dest_Entry_Count 2 Dest_Count 128 Sync_Counter 1

Start Configure Row 19-----------------------------
from row list:
Row 18 Layer 0 Sync_Counter 1
to row list:
Row 20 Layer 0 Dest_Entry 0 Dest_Entry_Count 1 Dest_Count 0 Sync_Counter 0

Start Configure Row 20-----------------------------
from row list:
Row 19 Layer 0 Sync_Counter 1
Row 18 Layer 0 Sync_Counter 2
to row list:
Row 21 Layer 0 Dest_Entry 0 Dest_Entry_Count 1 Dest_Count 0 Sync_Counter 0

Start Configure Row 21-----------------------------
from row list:
Row 20 Layer 0 Sync_Counter 1
to row list:
Row 32 Layer 1 Dest_Entry 0 Dest_Entry_Count 1 Dest_Count 0 Sync_Counter 0

