Map Report - Chip 0
NRows 22
IO Module 
	Layer ID 110 Row Sub Idx 0 nrows 224 ncols 224 in filters 3 out rows 224 out cols 224  out filters 3 outscale 1 inscale 1 remap region 0 scaleoutput 0 outscalemult 1 outscaleshift 0 scaleprefetch 0 prefetchscalemult 1 prefetchscaleshift 0 Layer Memory 0 size 16384 max rows 9 start index 0 Base addr 0x0 Addr Mask 0x3fff xbar layer index 0 SINGLE LAYER 
		Dest Entry 0 src addr 0 len 672 simd base 0x3008000 simd mask 0x3fff dest layer 115 layer mem idx 0 dest addr 0x0 incr 2a0 remap addr 0x0 remap_mask ffffffff LAYER_MEM 
		Input Layer, input filters  INPUT_EXTERNAL 
	Layer ID 112 Row Sub Idx 1 nrows 224 ncols 224 in filters 3 out rows 224 out cols 224  out filters 3 outscale 1 inscale 1 remap region 0 scaleoutput 0 outscalemult 1 outscaleshift 0 scaleprefetch 0 prefetchscalemult 1 prefetchscaleshift 0 Layer Memory 0 size 16384 max rows 9 start index 1 Base addr 0x4000 Addr Mask 0x3fff xbar layer index 0 SINGLE LAYER 
		Dest Entry 0 src addr 0 len 672 simd base 0x300c000 simd mask 0x3fff dest layer 116 layer mem idx 0 dest addr 0x0 incr 2a0 remap addr 0x0 remap_mask ffffffff LAYER_MEM 
		Input Layer, input filters  INPUT_EXTERNAL 
	Layer ID 115 Row Sub Idx 2 nrows 224 ncols 224 in filters 3 out rows 224 out cols 224  out filters 3 outscale 1 inscale 1 remap region 0 scaleoutput 0 outscalemult 1 outscaleshift 0 scaleprefetch 0 prefetchscalemult 1 prefetchscaleshift 0 Layer Memory 0 size 16384 max rows 9 start index 2 Base addr 0x8000 Addr Mask 0x3fff xbar layer index 0 SINGLE LAYER 
		Dest Entry 0 src addr 0 len 672 simd base 0x1020000 simd mask 0x3fff dest layer 0 layer mem idx 0 dest addr 0x0 incr 2a0 remap addr 0x0 remap_mask ffffffff LAYER_MEM 
		IO Bypass Layer, input filters 
	Layer ID 116 Row Sub Idx 3 nrows 224 ncols 224 in filters 3 out rows 224 out cols 224  out filters 3 outscale 1 inscale 1 remap region 0 scaleoutput 0 outscalemult 1 outscaleshift 0 scaleprefetch 0 prefetchscalemult 1 prefetchscaleshift 0 Layer Memory 0 size 16384 max rows 9 start index 3 Base addr 0xc000 Addr Mask 0x3fff xbar layer index 0 SINGLE LAYER 
		Dest Entry 0 src addr 0 len 672 simd base 0x12e0000 simd mask 0x3fff dest layer 23 layer mem idx 0 dest addr 0x0 incr 2a0 remap addr 0x0 remap_mask ffffffff LAYER_MEM 
		IO Bypass Layer, input filters 
	Layer ID 111 Row Sub Idx 4 nrows 7 ncols 7 in filters 21 out rows 7 out cols 7  out filters 21 outscale 1 inscale 1 remap region 0 scaleoutput 0 outscalemult 1 outscaleshift 0 scaleprefetch 0 prefetchscalemult 1 prefetchscaleshift 0 Layer Memory 0 size 16384 max rows 2 start index 4 Base addr 0x10000 Addr Mask 0x3fff Layer Memory 1 size 16384 max rows 2 start index 4 Base addr 0x14000 Addr Mask 0x3fff xbar layer index 0 SINGLE LAYER 
		Dest Entry 0 src addr 0 len 147 simd base 0x904000 simd mask 0x3fff dest layer 119 layer mem idx 0 dest addr 0x904000 incr 93 remap addr 0x0 remap_mask ffffffff LAYER_MEM 
		Output Layer, input filters  OUTPUT EXTERNAL 
	Layer ID 113 Row Sub Idx 5 nrows 7 ncols 7 in filters 21 out rows 7 out cols 7  out filters 21 outscale 1 inscale 1 remap region 0 scaleoutput 0 outscalemult 1 outscaleshift 0 scaleprefetch 0 prefetchscalemult 1 prefetchscaleshift 0 Layer Memory 0 size 16384 max rows 2 start index 6 Base addr 0x18000 Addr Mask 0x3fff Layer Memory 1 size 16384 max rows 2 start index 6 Base addr 0x1c000 Addr Mask 0x3fff xbar layer index 0 SINGLE LAYER 
		Dest Entry 0 src addr 0 len 147 simd base 0x908200 simd mask 0x3fff dest layer 118 layer mem idx 0 dest addr 0x908200 incr 93 remap addr 0x0 remap_mask ffffffff LAYER_MEM 
		Output Layer, input filters  OUTPUT EXTERNAL 
Row 0
	Layer ID 0 Row Sub Idx 0 nrows 224 ncols 224 in filters 3 out rows 112 out cols 112  out filters 64 outscale 1 inscale 1 remap region 0 scaleoutput 1 outscalemult 108 outscaleshift 6 scaleprefetch 0 prefetchscalemult 1 prefetchscaleshift 0 Layer Memory 0 size 16384 max rows 9 start index 3 Base addr 0x20000 Addr Mask 0x3fff xbar layer index 0 SINGLE LAYER 
		Dest Entry 0 src addr 0 len 7168 simd base 0x900000 simd mask 0xffff dest layer 1 layer mem idx 0 dest addr 0x0 incr 1c00 remap addr 0x0 remap_mask ffffffff LAYER_MEM 
		Conv Layer filter_sz 7 skip 2 padl 3 padr 3 padt 3 padb 3 dilation 1 relu 1 skip add 0 start xbar 0 xbar cnt 2 start col 0 ncols 0 nxbars 2 2  nconvs 2 2  nblocks 28 versplit 512  horsplit 2048  adcscale 1 pos neg acts 1 col split parameters, grpshift 0 sign  1 0  shift 1 1  type  Convolution  Xbar start layer 0 
	Layer ID 1 Row Sub Idx 1 nrows 112 ncols 112 in filters 64 out rows 56 out cols 56  out filters 64 outscale 1 inscale 1 remap region 0 scaleoutput 0 outscalemult 1 outscaleshift 0 scaleprefetch 0 prefetchscalemult 1 prefetchscaleshift 0 Layer Memory 0 size 65536 max rows 8 start index 0 Base addr 0x0 Addr Mask 0xffff xbar layer index 0 SINGLE LAYER 
		Dest Entry 0 src addr 0 len 3584 simd base 0xa00000 simd mask 0x3ffff dest layer 2 layer mem idx 0 dest addr 0x0 incr e00 remap addr 0x910000 remap_mask 7fff LAYER_MEM  dest layer 0 layer mem idx 0 dest addr 0x0 incr e00 remap addr 0x2000000 remap_mask 3ffff GLOBAL_SKIP_MEM 
		Pool Layer pool_sz 3 stride 2 padl 1 padr 0 padt 1 padb 0 Pool cols 56 Pool rows 56
	Layer ID 2 Row Sub Idx 2 nrows 56 ncols 56 in filters 64 out rows 56 out cols 56  out filters 64 outscale 1 inscale 1 remap region 1 scaleoutput 1 outscalemult 47 outscaleshift 6 scaleprefetch 0 prefetchscalemult 1 prefetchscaleshift 0 Layer Memory 0 size 32768 max rows 8 start index 1 Base addr 0x10000 Addr Mask 0x7fff xbar layer index 0 SINGLE LAYER 
		Dest Entry 0 src addr 0 len 3584 simd base 0x918000 simd mask 0x7fff dest layer 3 layer mem idx 0 dest addr 0x0 incr e00 remap addr 0x0 remap_mask ffffffff LAYER_MEM 
		Conv Layer filter_sz 3 skip 1 padl 1 padr 1 padt 1 padb 1 dilation 1 relu 1 skip add 0 start xbar 2 xbar cnt 1 start col 0 ncols 0 nxbars 1 1  nconvs 1 1  nblocks 56 versplit 512  horsplit 2048  adcscale 1 pos neg acts 0 col split parameters, grpshift 0 sign  1 0  shift 1 1  type  Convolution  Xbar start layer 2 
	Layer ID 3 Row Sub Idx 3 nrows 56 ncols 56 in filters 64 out rows 56 out cols 56  out filters 64 outscale 1 inscale 1 remap region 1 scaleoutput 1 outscalemult 64 outscaleshift 4 scaleprefetch 1 prefetchscalemult 68 prefetchscaleshift 7 Layer Memory 0 size 32768 max rows 8 start index 2 Base addr 0x18000 Addr Mask 0x7fff xbar layer index 0 SINGLE LAYER 
		Dest Entry 0 src addr 0 len 3584 simd base 0xa40000 simd mask 0x3ffff dest layer 4 layer mem idx 0 dest addr 0x0 incr e00 remap addr 0x1040000 remap_mask 7fff LAYER_MEM  dest layer 1 layer mem idx 0 dest addr 0x0 incr e00 remap addr 0x2040000 remap_mask 3ffff GLOBAL_SKIP_MEM 
		Source Entry 0 src addr 0x0 src addr incr 3584 len 3584 src index 0 dest layer 3 dest idx 0 srcbase 2000000 srcmask 3ffff Source type  GLOBAL_SKIP_MEM  Dest type  SKIP_MEM 
		Conv Layer filter_sz 3 skip 1 padl 1 padr 1 padt 1 padb 1 dilation 1 relu 1 skip add 1 start xbar 3 xbar cnt 1 start col 0 ncols 0 nxbars 1 1  nconvs 1 1  nblocks 56 versplit 512  horsplit 2048  adcscale 1 pos neg acts 0 col split parameters, grpshift 0 sign  1 0  shift 0 0  type  Convolution  Xbar start layer 3 
Row 1
	Layer ID 4 Row Sub Idx 0 nrows 56 ncols 56 in filters 64 out rows 56 out cols 56  out filters 64 outscale 1 inscale 1 remap region 0 scaleoutput 1 outscalemult 32 outscaleshift 6 scaleprefetch 0 prefetchscalemult 1 prefetchscaleshift 0 Layer Memory 0 size 32768 max rows 8 start index 0 Base addr 0x0 Addr Mask 0x7fff xbar layer index 0 SINGLE LAYER 
		Dest Entry 0 src addr 0 len 3584 simd base 0x908000 simd mask 0x7fff dest layer 5 layer mem idx 0 dest addr 0x0 incr e00 remap addr 0x0 remap_mask ffffffff LAYER_MEM 
		Conv Layer filter_sz 3 skip 1 padl 1 padr 1 padt 1 padb 1 dilation 1 relu 1 skip add 0 start xbar 0 xbar cnt 1 start col 0 ncols 0 nxbars 1 1  nconvs 1 1  nblocks 56 versplit 512  horsplit 2048  adcscale 1 pos neg acts 0 col split parameters, grpshift 0 sign  1 0  shift 1 1  type  Convolution  Xbar start layer 0 
	Layer ID 5 Row Sub Idx 1 nrows 56 ncols 56 in filters 64 out rows 56 out cols 56  out filters 64 outscale 1 inscale 1 remap region 0 scaleoutput 1 outscalemult 64 outscaleshift 5 scaleprefetch 1 prefetchscalemult 44 prefetchscaleshift 7 Layer Memory 0 size 32768 max rows 8 start index 1 Base addr 0x8000 Addr Mask 0x7fff xbar layer index 0 SINGLE LAYER 
		Dest Entry 0 src addr 0 len 3584 simd base 0xa00000 simd mask 0x3ffff dest layer 6 layer mem idx 0 dest addr 0x0 incr e00 remap addr 0x910000 remap_mask 7fff LAYER_MEM  dest layer 8 layer mem idx 0 dest addr 0x0 incr e00 remap addr 0x1080000 remap_mask 7fff LAYER_MEM 
		Source Entry 0 src addr 0x0 src addr incr 3584 len 3584 src index 1 dest layer 5 dest idx 0 srcbase 2040000 srcmask 3ffff Source type  GLOBAL_SKIP_MEM  Dest type  SKIP_MEM 
		Conv Layer filter_sz 3 skip 1 padl 1 padr 1 padt 1 padb 1 dilation 1 relu 1 skip add 1 start xbar 1 xbar cnt 1 start col 0 ncols 0 nxbars 1 1  nconvs 1 1  nblocks 56 versplit 512  horsplit 2048  adcscale 1 pos neg acts 0 col split parameters, grpshift 0 sign  1 0  shift 0 0  type  Convolution  Xbar start layer 1 
	Layer ID 6 Row Sub Idx 2 nrows 56 ncols 56 in filters 64 out rows 28 out cols 28  out filters 128 outscale 1 inscale 1 remap region 1 scaleoutput 1 outscalemult 86 outscaleshift 6 scaleprefetch 0 prefetchscalemult 1 prefetchscaleshift 0 Layer Memory 0 size 32768 max rows 8 start index 2 Base addr 0x10000 Addr Mask 0x7fff xbar layer index 0 SINGLE LAYER 
		Dest Entry 0 src addr 0 len 3584 simd base 0x918000 simd mask 0x7fff dest layer 7 layer mem idx 0 dest addr 0x0 incr e00 remap addr 0x0 remap_mask ffffffff LAYER_MEM 
		Conv Layer filter_sz 3 skip 2 padl 1 padr 1 padt 1 padb 1 dilation 1 relu 1 skip add 0 start xbar 2 xbar cnt 1 start col 0 ncols 0 nxbars 1 1  nconvs 1 1  nblocks 28 versplit 512  horsplit 2048  adcscale 1 pos neg acts 0 col split parameters, grpshift 0 sign  1 0  shift 1 1  type  Convolution  Xbar start layer 2 
	Layer ID 7 Row Sub Idx 3 nrows 28 ncols 28 in filters 128 out rows 28 out cols 28  out filters 128 outscale 1 inscale 1 remap region 1 scaleoutput 1 outscalemult 30 outscaleshift 6 scaleprefetch 0 prefetchscalemult 1 prefetchscaleshift 0 Layer Memory 0 size 32768 max rows 8 start index 3 Base addr 0x18000 Addr Mask 0x7fff xbar layer index 0 SINGLE LAYER 
		Dest Entry 0 src addr 0 len 3584 simd base 0x2080000 simd mask 0x1ffff dest layer 2 layer mem idx 0 dest addr 0x0 incr e00 remap addr 0x0 remap_mask ffffffff GLOBAL_SKIP_MEM 
		Conv Layer filter_sz 3 skip 1 padl 1 padr 1 padt 1 padb 1 dilation 1 relu 0 skip add 0 start xbar 3 xbar cnt 1 start col 0 ncols 0 nxbars 1 1  nconvs 3 1  nblocks 10 versplit 512  horsplit 2048  adcscale 1 pos neg acts 0 col split parameters, grpshift 0 sign  1 0  shift 0 0  type  Convolution  Xbar start layer 3 
Row 2
	Layer ID 8 Row Sub Idx 0 nrows 56 ncols 56 in filters 64 out rows 28 out cols 28  out filters 128 outscale 1 inscale 1 remap region 0 scaleoutput 1 outscalemult 96 outscaleshift 5 scaleprefetch 1 prefetchscalemult 44 prefetchscaleshift 7 Layer Memory 0 size 32768 max rows 8 start index 0 Base addr 0x0 Addr Mask 0x7fff xbar layer index 0 SINGLE LAYER 
		Dest Entry 0 src addr 0 len 3584 simd base 0xa00000 simd mask 0x3ffff dest layer 9 layer mem idx 0 dest addr 0x0 incr e00 remap addr 0x908000 remap_mask 7fff LAYER_MEM  dest layer 3 layer mem idx 0 dest addr 0x0 incr e00 remap addr 0x20a0000 remap_mask 1ffff GLOBAL_SKIP_MEM 
		Source Entry 0 src addr 0x0 src addr incr 3584 len 3584 src index 2 dest layer 8 dest idx 0 srcbase 2080000 srcmask 1ffff Source type  GLOBAL_SKIP_MEM  Dest type  SKIP_MEM 
		Conv Layer filter_sz 1 skip 2 padl 0 padr 0 padt 0 padb 0 dilation 1 relu 1 skip add 1 start xbar 0 xbar cnt 1 start col 0 ncols 0 nxbars 1 1  nconvs 2 2  nblocks 14 versplit 512  horsplit 2048  adcscale 1 pos neg acts 0 col split parameters, grpshift 0 sign  1 0  shift 0 0  type  Convolution  Xbar start layer 0 
	Layer ID 9 Row Sub Idx 1 nrows 28 ncols 28 in filters 128 out rows 28 out cols 28  out filters 128 outscale 1 inscale 1 remap region 1 scaleoutput 1 outscalemult 74 outscaleshift 6 scaleprefetch 0 prefetchscalemult 1 prefetchscaleshift 0 Layer Memory 0 size 32768 max rows 8 start index 1 Base addr 0x8000 Addr Mask 0x7fff xbar layer index 0 SINGLE LAYER 
		Dest Entry 0 src addr 0 len 3584 simd base 0x910000 simd mask 0x7fff dest layer 10 layer mem idx 0 dest addr 0x0 incr e00 remap addr 0x0 remap_mask ffffffff LAYER_MEM 
		Conv Layer filter_sz 3 skip 1 padl 1 padr 1 padt 1 padb 1 dilation 1 relu 1 skip add 0 start xbar 1 xbar cnt 1 start col 0 ncols 0 nxbars 1 1  nconvs 3 1  nblocks 10 versplit 512  horsplit 2048  adcscale 1 pos neg acts 0 col split parameters, grpshift 0 sign  1 0  shift 1 1  type  Convolution  Xbar start layer 1 
	Layer ID 10 Row Sub Idx 2 nrows 28 ncols 28 in filters 128 out rows 28 out cols 28  out filters 128 outscale 1 inscale 1 remap region 1 scaleoutput 1 outscalemult 64 outscaleshift 5 scaleprefetch 1 prefetchscalemult 104 prefetchscaleshift 7 Layer Memory 0 size 32768 max rows 8 start index 2 Base addr 0x10000 Addr Mask 0x7fff xbar layer index 0 SINGLE LAYER 
		Dest Entry 0 src addr 0 len 3584 simd base 0xa40000 simd mask 0x3ffff dest layer 11 layer mem idx 0 dest addr 0x0 incr e00 remap addr 0x918000 remap_mask 7fff LAYER_MEM  dest layer 13 layer mem idx 0 dest addr 0x0 incr e00 remap addr 0x10c8000 remap_mask 7fff LAYER_MEM 
		Source Entry 0 src addr 0x0 src addr incr 3584 len 3584 src index 3 dest layer 10 dest idx 0 srcbase 20a0000 srcmask 1ffff Source type  GLOBAL_SKIP_MEM  Dest type  SKIP_MEM 
		Conv Layer filter_sz 3 skip 1 padl 1 padr 1 padt 1 padb 1 dilation 1 relu 1 skip add 1 start xbar 2 xbar cnt 1 start col 0 ncols 0 nxbars 1 1  nconvs 3 1  nblocks 10 versplit 512  horsplit 2048  adcscale 1 pos neg acts 0 col split parameters, grpshift 0 sign  1 0  shift 0 0  type  Convolution  Xbar start layer 2 
	Layer ID 11 Row Sub Idx 3 nrows 28 ncols 28 in filters 128 out rows 14 out cols 14  out filters 256 outscale 1 inscale 1 remap region 2 scaleoutput 1 outscalemult 32 outscaleshift 6 scaleprefetch 0 prefetchscalemult 1 prefetchscaleshift 0 Layer Memory 0 size 32768 max rows 8 start index 3 Base addr 0x18000 Addr Mask 0x7fff xbar layer index 0 SINGLE LAYER 
		Dest Entry 0 src addr 0 len 3584 simd base 0x10c0000 simd mask 0x7fff dest layer 12 layer mem idx 0 dest addr 0x0 incr e00 remap addr 0x0 remap_mask ffffffff LAYER_MEM 
		Conv Layer filter_sz 3 skip 2 padl 1 padr 1 padt 1 padb 1 dilation 1 relu 1 skip add 0 start xbar 3 xbar cnt 1 start col 0 ncols 0 nxbars 1 1  nconvs 1 1  nblocks 14 versplit 512  horsplit 2048  adcscale 1 pos neg acts 0 col split parameters, grpshift 0 sign  1 0  shift 1 1  type  Convolution  Xbar start layer 3 
Row 3
	Layer ID 12 Row Sub Idx 0 nrows 14 ncols 14 in filters 256 out rows 14 out cols 14  out filters 256 outscale 1 inscale 1 remap region 0 scaleoutput 1 outscalemult 64 outscaleshift 6 scaleprefetch 0 prefetchscalemult 1 prefetchscaleshift 0 Layer Memory 0 size 32768 max rows 8 start index 0 Base addr 0x0 Addr Mask 0x7fff xbar layer index 0 SINGLE LAYER 
		Dest Entry 0 src addr 0 len 3584 simd base 0x20c0000 simd mask 0xffff dest layer 4 layer mem idx 0 dest addr 0x0 incr e00 remap addr 0x0 remap_mask ffffffff GLOBAL_SKIP_MEM 
		Conv Layer filter_sz 3 skip 1 padl 1 padr 1 padt 1 padb 1 dilation 1 relu 0 skip add 0 start xbar 0 xbar cnt 3 start col 0 ncols 0 nxbars 1 1  nconvs 1 1  nblocks 14 versplit 512  horsplit 768 768 768  adcscale 1 pos neg acts 0 col split parameters, grpshift 0 sign  1 0  shift 0 0  type  Convolution  Xbar start layer 0 
	Layer ID 13 Row Sub Idx 1 nrows 28 ncols 28 in filters 128 out rows 14 out cols 14  out filters 256 outscale 1 inscale 1 remap region 0 scaleoutput 1 outscalemult 96 outscaleshift 5 scaleprefetch 1 prefetchscalemult 62 prefetchscaleshift 7 Layer Memory 0 size 32768 max rows 8 start index 1 Base addr 0x8000 Addr Mask 0x7fff xbar layer index 0 SINGLE LAYER 
		Dest Entry 0 src addr 0 len 3584 simd base 0xa00000 simd mask 0x3ffff dest layer 14 layer mem idx 0 dest addr 0x0 incr e00 remap addr 0x1100000 remap_mask 7fff LAYER_MEM  dest layer 5 layer mem idx 0 dest addr 0x0 incr e00 remap addr 0x20d0000 remap_mask ffff GLOBAL_SKIP_MEM 
		Source Entry 0 src addr 0x0 src addr incr 3584 len 3584 src index 4 dest layer 13 dest idx 0 srcbase 20c0000 srcmask ffff Source type  GLOBAL_SKIP_MEM  Dest type  SKIP_MEM 
		Conv Layer filter_sz 1 skip 2 padl 0 padr 0 padt 0 padb 0 dilation 1 relu 1 skip add 1 start xbar 3 xbar cnt 1 start col 0 ncols 0 nxbars 1 1  nconvs 1 1  nblocks 14 versplit 512  horsplit 2048  adcscale 1 pos neg acts 0 col split parameters, grpshift 0 sign  1 0  shift 0 0  type  Convolution  Xbar start layer 1 
Row 4
	Layer ID 14 Row Sub Idx 0 nrows 14 ncols 14 in filters 256 out rows 14 out cols 14  out filters 256 outscale 1 inscale 1 remap region 0 scaleoutput 1 outscalemult 90 outscaleshift 6 scaleprefetch 0 prefetchscalemult 1 prefetchscaleshift 0 Layer Memory 0 size 32768 max rows 8 start index 0 Base addr 0x0 Addr Mask 0x7fff xbar layer index 0 SINGLE LAYER 
		Dest Entry 0 src addr 0 len 3584 simd base 0x1140000 simd mask 0x7fff dest layer 15 layer mem idx 0 dest addr 0x0 incr e00 remap addr 0x0 remap_mask ffffffff LAYER_MEM 
		Conv Layer filter_sz 3 skip 1 padl 1 padr 1 padt 1 padb 1 dilation 1 relu 1 skip add 0 start xbar 0 xbar cnt 3 start col 0 ncols 0 nxbars 1 1  nconvs 1 1  nblocks 14 versplit 512  horsplit 768 768 768  adcscale 1 pos neg acts 0 col split parameters, grpshift 0 sign  1 0  shift 0 0  type  Convolution  Xbar start layer 0 
Row 5
	Layer ID 15 Row Sub Idx 0 nrows 14 ncols 14 in filters 256 out rows 14 out cols 14  out filters 256 outscale 1 inscale 1 remap region 0 scaleoutput 1 outscalemult 92 outscaleshift 6 scaleprefetch 1 prefetchscalemult 108 prefetchscaleshift 7 Layer Memory 0 size 32768 max rows 8 start index 0 Base addr 0x0 Addr Mask 0x7fff xbar layer index 0 SINGLE LAYER 
		Dest Entry 0 src addr 0 len 3584 simd base 0xa00000 simd mask 0x3ffff dest layer 16 layer mem idx 0 dest addr 0x0 incr e00 remap addr 0x1180000 remap_mask 7fff LAYER_MEM  dest layer 18 layer mem idx 0 dest addr 0x0 incr e00 remap addr 0x11c8000 remap_mask 7fff LAYER_MEM 
		Source Entry 0 src addr 0x0 src addr incr 3584 len 3584 src index 5 dest layer 15 dest idx 0 srcbase 20d0000 srcmask ffff Source type  GLOBAL_SKIP_MEM  Dest type  SKIP_MEM 
		Conv Layer filter_sz 3 skip 1 padl 1 padr 1 padt 1 padb 1 dilation 1 relu 1 skip add 1 start xbar 0 xbar cnt 3 start col 0 ncols 0 nxbars 1 1  nconvs 1 1  nblocks 14 versplit 512  horsplit 768 768 768  adcscale 1 pos neg acts 0 col split parameters, grpshift 0 sign  1 0  shift 0 0  type  Convolution  Xbar start layer 0 
Row 6
	Layer ID 16 Row Sub Idx 0 nrows 14 ncols 14 in filters 256 out rows 7 out cols 7  out filters 512 outscale 1 inscale 1 remap region 0 scaleoutput 1 outscalemult 106 outscaleshift 6 scaleprefetch 0 prefetchscalemult 1 prefetchscaleshift 0 Layer Memory 0 size 32768 max rows 8 start index 0 Base addr 0x0 Addr Mask 0x7fff xbar layer index 0 SINGLE LAYER 
		Dest Entry 0 src addr 0 len 3584 simd base 0x11c0000 simd mask 0x7fff dest layer 17 layer mem idx 0 dest addr 0x0 incr e00 remap addr 0x0 remap_mask ffffffff LAYER_MEM 
		Conv Layer filter_sz 3 skip 2 padl 1 padr 1 padt 1 padb 1 dilation 1 relu 1 skip add 0 start xbar 0 xbar cnt 3 start col 0 ncols 0 nxbars 1 1  nconvs 1 1  nblocks 7 versplit 512  horsplit 768 768 768  adcscale 1 pos neg acts 0 col split parameters, grpshift 0 sign  1 0  shift 0 0  type  Convolution  Xbar start layer 0 
Row 7
	Layer ID 17 Row Sub Idx 0 nrows 7 ncols 7 in filters 512 out rows 7 out cols 7  out filters 512 outscale 1 inscale 1 remap region 0 scaleoutput 1 outscalemult 64 outscaleshift 6 scaleprefetch 0 prefetchscalemult 1 prefetchscaleshift 0 Layer Memory 0 size 32768 max rows 8 start index 0 Base addr 0x0 Addr Mask 0x7fff xbar layer index 0 SINGLE LAYER 
		Dest Entry 0 src addr 0 len 3584 simd base 0x21c0000 simd mask 0x7fff dest layer 6 layer mem idx 0 dest addr 0x0 incr e00 remap addr 0x0 remap_mask ffffffff GLOBAL_SKIP_MEM 
		Conv Layer filter_sz 3 skip 1 padl 1 padr 1 padt 1 padb 1 dilation 1 relu 0 skip add 0 start xbar 0 xbar cnt 3 start col 0 ncols 0 nxbars 1 1  nconvs 1 1  nblocks 7 versplit 512  horsplit 1536 1536 1536  adcscale 1 pos neg acts 0 col split parameters, grpshift 0 sign  1 0  shift 1 1  type  Convolution  Xbar start layer 0 
	Layer ID 18 Row Sub Idx 1 nrows 14 ncols 14 in filters 256 out rows 7 out cols 7  out filters 512 outscale 1 inscale 1 remap region 0 scaleoutput 1 outscalemult 96 outscaleshift 5 scaleprefetch 1 prefetchscalemult 9 prefetchscaleshift 7 Layer Memory 0 size 32768 max rows 8 start index 1 Base addr 0x8000 Addr Mask 0x7fff xbar layer index 0 SINGLE LAYER 
		Dest Entry 0 src addr 0 len 3584 simd base 0xa00000 simd mask 0x3ffff dest layer 19 layer mem idx 0 dest addr 0x0 incr e00 remap addr 0x1200000 remap_mask 7fff LAYER_MEM  dest layer 7 layer mem idx 0 dest addr 0x0 incr e00 remap addr 0x20e0000 remap_mask 7fff GLOBAL_SKIP_MEM 
		Source Entry 0 src addr 0x0 src addr incr 3584 len 3584 src index 6 dest layer 18 dest idx 0 srcbase 21c0000 srcmask 7fff Source type  GLOBAL_SKIP_MEM  Dest type  SKIP_MEM 
		Conv Layer filter_sz 1 skip 2 padl 0 padr 0 padt 0 padb 0 dilation 1 relu 1 skip add 1 start xbar 3 xbar cnt 1 start col 0 ncols 0 nxbars 1 1  nconvs 1 1  nblocks 7 versplit 512  horsplit 2048  adcscale 1 pos neg acts 0 col split parameters, grpshift 0 sign  1 0  shift 0 0  type  Convolution  Xbar start layer 1 
Row 8
	Layer ID 19 Row Sub Idx 0 nrows 7 ncols 7 in filters 512 out rows 7 out cols 7  out filters 512 outscale 1 inscale 1 remap region 0 scaleoutput 1 outscalemult 118 outscaleshift 6 scaleprefetch 0 prefetchscalemult 1 prefetchscaleshift 0 Layer Memory 0 size 32768 max rows 8 start index 0 Base addr 0x0 Addr Mask 0x7fff xbar layer index 0 SINGLE LAYER 
		Dest Entry 0 src addr 0 len 3584 simd base 0x1240000 simd mask 0x7fff dest layer 20 layer mem idx 0 dest addr 0x0 incr e00 remap addr 0x0 remap_mask ffffffff LAYER_MEM 
		Conv Layer filter_sz 3 skip 1 padl 1 padr 1 padt 1 padb 1 dilation 1 relu 1 skip add 0 start xbar 0 xbar cnt 3 start col 0 ncols 0 nxbars 1 1  nconvs 1 1  nblocks 7 versplit 512  horsplit 1536 1536 1536  adcscale 1 pos neg acts 0 col split parameters, grpshift 0 sign  1 0  shift 1 1  type  Convolution  Xbar start layer 0 
Row 9
	Layer ID 20 Row Sub Idx 0 nrows 7 ncols 7 in filters 512 out rows 7 out cols 7  out filters 512 outscale 1 inscale 1 remap region 0 scaleoutput 1 outscalemult 96 outscaleshift 5 scaleprefetch 1 prefetchscalemult 83 prefetchscaleshift 7 Layer Memory 0 size 32768 max rows 8 start index 0 Base addr 0x0 Addr Mask 0x7fff xbar layer index 0 SINGLE LAYER 
		Dest Entry 0 src addr 0 len 3584 simd base 0x1280000 simd mask 0x7fff dest layer 21 layer mem idx 0 dest addr 0x0 incr e00 remap addr 0x0 remap_mask ffffffff LAYER_MEM 
		Source Entry 0 src addr 0x0 src addr incr 3584 len 3584 src index 7 dest layer 20 dest idx 0 srcbase 20e0000 srcmask 7fff Source type  GLOBAL_SKIP_MEM  Dest type  SKIP_MEM 
		Conv Layer filter_sz 3 skip 1 padl 1 padr 1 padt 1 padb 1 dilation 1 relu 1 skip add 1 start xbar 0 xbar cnt 3 start col 0 ncols 0 nxbars 1 1  nconvs 1 1  nblocks 7 versplit 512  horsplit 1536 1536 1536  adcscale 1 pos neg acts 0 col split parameters, grpshift 0 sign  1 0  shift 0 0  type  Convolution  Xbar start layer 0 
Row 10
	Layer ID 21 Row Sub Idx 0 nrows 7 ncols 7 in filters 512 out rows 7 out cols 7  out filters 128 outscale 1 inscale 1 remap region 0 scaleoutput 1 outscalemult 106 outscaleshift 6 scaleprefetch 0 prefetchscalemult 1 prefetchscaleshift 0 Layer Memory 0 size 32768 max rows 8 start index 0 Base addr 0x0 Addr Mask 0x7fff xbar layer index 0 SINGLE LAYER 
		Dest Entry 0 src addr 0 len 896 simd base 0x908000 simd mask 0x3fff dest layer 22 layer mem idx 0 dest addr 0x0 incr 380 remap addr 0x0 remap_mask ffffffff LAYER_MEM 
		Conv Layer filter_sz 3 skip 1 padl 1 padr 1 padt 1 padb 1 dilation 1 relu 1 skip add 0 start xbar 0 xbar cnt 3 start col 0 ncols 0 nxbars 1 1  nconvs 1 1  nblocks 7 versplit 512  horsplit 1536 1536 1536  adcscale 1 pos neg acts 0 col split parameters, grpshift 0 sign  1 0  shift 0 0  type  Convolution  Xbar start layer 0 
	Layer ID 22 Row Sub Idx 1 nrows 7 ncols 7 in filters 128 out rows 7 out cols 7  out filters 21 outscale 1 inscale 1 remap region 0 scaleoutput 1 outscalemult 74 outscaleshift 6 scaleprefetch 0 prefetchscalemult 1 prefetchscaleshift 0 Layer Memory 0 size 16384 max rows 8 start index 1 Base addr 0x8000 Addr Mask 0x3fff xbar layer index 0 SINGLE LAYER 
		Dest Entry 0 src addr 0 len 147 simd base 0x3010000 simd mask 0x3fff dest layer 111 layer mem idx 0 dest addr 0x0 incr 93 remap addr 0x0 remap_mask ffffffff LAYER_MEM 
		Conv Layer filter_sz 1 skip 1 padl 0 padr 0 padt 0 padb 0 dilation 1 relu 0 skip add 0 start xbar 3 xbar cnt 1 start col 0 ncols 0 nxbars 1 1  nconvs 4 3  nblocks 2 versplit 512  horsplit 2048  adcscale 1 pos neg acts 0 col split parameters, grpshift 0 sign  1 0  shift 0 0  type  Convolution  Xbar start layer 1 
Row 11
	Layer ID 23 Row Sub Idx 0 nrows 224 ncols 224 in filters 3 out rows 112 out cols 112  out filters 64 outscale 1 inscale 1 remap region 0 scaleoutput 1 outscalemult 108 outscaleshift 6 scaleprefetch 0 prefetchscalemult 1 prefetchscaleshift 0 Layer Memory 0 size 16384 max rows 9 start index 3 Base addr 0x20000 Addr Mask 0x3fff xbar layer index 0 SINGLE LAYER 
		Dest Entry 0 src addr 0 len 7168 simd base 0x900000 simd mask 0xffff dest layer 24 layer mem idx 0 dest addr 0x0 incr 1c00 remap addr 0x0 remap_mask ffffffff LAYER_MEM 
		Conv Layer filter_sz 7 skip 2 padl 3 padr 3 padt 3 padb 3 dilation 1 relu 1 skip add 0 start xbar 0 xbar cnt 2 start col 0 ncols 0 nxbars 2 2  nconvs 2 2  nblocks 28 versplit 512  horsplit 2048  adcscale 1 pos neg acts 1 col split parameters, grpshift 0 sign  1 0  shift 1 1  type  Convolution  Xbar start layer 0 
	Layer ID 24 Row Sub Idx 1 nrows 112 ncols 112 in filters 64 out rows 56 out cols 56  out filters 64 outscale 1 inscale 1 remap region 0 scaleoutput 0 outscalemult 1 outscaleshift 0 scaleprefetch 0 prefetchscalemult 1 prefetchscaleshift 0 Layer Memory 0 size 65536 max rows 8 start index 0 Base addr 0x0 Addr Mask 0xffff xbar layer index 0 SINGLE LAYER 
		Dest Entry 0 src addr 0 len 3584 simd base 0xa00000 simd mask 0x3ffff dest layer 25 layer mem idx 0 dest addr 0x0 incr e00 remap addr 0x910000 remap_mask 7fff LAYER_MEM  dest layer 8 layer mem idx 0 dest addr 0x0 incr e00 remap addr 0x22c0000 remap_mask 3ffff GLOBAL_SKIP_MEM 
		Pool Layer pool_sz 3 stride 2 padl 1 padr 0 padt 1 padb 0 Pool cols 56 Pool rows 56
	Layer ID 25 Row Sub Idx 2 nrows 56 ncols 56 in filters 64 out rows 56 out cols 56  out filters 64 outscale 1 inscale 1 remap region 1 scaleoutput 1 outscalemult 47 outscaleshift 6 scaleprefetch 0 prefetchscalemult 1 prefetchscaleshift 0 Layer Memory 0 size 32768 max rows 8 start index 1 Base addr 0x10000 Addr Mask 0x7fff xbar layer index 0 SINGLE LAYER 
		Dest Entry 0 src addr 0 len 3584 simd base 0x918000 simd mask 0x7fff dest layer 26 layer mem idx 0 dest addr 0x0 incr e00 remap addr 0x0 remap_mask ffffffff LAYER_MEM 
		Conv Layer filter_sz 3 skip 1 padl 1 padr 1 padt 1 padb 1 dilation 1 relu 1 skip add 0 start xbar 2 xbar cnt 1 start col 0 ncols 0 nxbars 1 1  nconvs 1 1  nblocks 56 versplit 512  horsplit 2048  adcscale 1 pos neg acts 0 col split parameters, grpshift 0 sign  1 0  shift 1 1  type  Convolution  Xbar start layer 2 
	Layer ID 26 Row Sub Idx 3 nrows 56 ncols 56 in filters 64 out rows 56 out cols 56  out filters 64 outscale 1 inscale 1 remap region 1 scaleoutput 1 outscalemult 64 outscaleshift 4 scaleprefetch 1 prefetchscalemult 68 prefetchscaleshift 7 Layer Memory 0 size 32768 max rows 8 start index 2 Base addr 0x18000 Addr Mask 0x7fff xbar layer index 0 SINGLE LAYER 
		Dest Entry 0 src addr 0 len 3584 simd base 0xa40000 simd mask 0x3ffff dest layer 27 layer mem idx 0 dest addr 0x0 incr e00 remap addr 0x1300000 remap_mask 7fff LAYER_MEM  dest layer 9 layer mem idx 0 dest addr 0x0 incr e00 remap addr 0x2200000 remap_mask 3ffff GLOBAL_SKIP_MEM 
		Source Entry 0 src addr 0x0 src addr incr 3584 len 3584 src index 8 dest layer 26 dest idx 0 srcbase 22c0000 srcmask 3ffff Source type  GLOBAL_SKIP_MEM  Dest type  SKIP_MEM 
		Conv Layer filter_sz 3 skip 1 padl 1 padr 1 padt 1 padb 1 dilation 1 relu 1 skip add 1 start xbar 3 xbar cnt 1 start col 0 ncols 0 nxbars 1 1  nconvs 1 1  nblocks 56 versplit 512  horsplit 2048  adcscale 1 pos neg acts 0 col split parameters, grpshift 0 sign  1 0  shift 0 0  type  Convolution  Xbar start layer 3 
Row 12
	Layer ID 27 Row Sub Idx 0 nrows 56 ncols 56 in filters 64 out rows 56 out cols 56  out filters 64 outscale 1 inscale 1 remap region 0 scaleoutput 1 outscalemult 32 outscaleshift 6 scaleprefetch 0 prefetchscalemult 1 prefetchscaleshift 0 Layer Memory 0 size 32768 max rows 8 start index 0 Base addr 0x0 Addr Mask 0x7fff xbar layer index 0 SINGLE LAYER 
		Dest Entry 0 src addr 0 len 3584 simd base 0x908000 simd mask 0x7fff dest layer 28 layer mem idx 0 dest addr 0x0 incr e00 remap addr 0x0 remap_mask ffffffff LAYER_MEM 
		Conv Layer filter_sz 3 skip 1 padl 1 padr 1 padt 1 padb 1 dilation 1 relu 1 skip add 0 start xbar 0 xbar cnt 1 start col 0 ncols 0 nxbars 1 1  nconvs 1 1  nblocks 56 versplit 512  horsplit 2048  adcscale 1 pos neg acts 0 col split parameters, grpshift 0 sign  1 0  shift 1 1  type  Convolution  Xbar start layer 0 
	Layer ID 28 Row Sub Idx 1 nrows 56 ncols 56 in filters 64 out rows 56 out cols 56  out filters 64 outscale 1 inscale 1 remap region 0 scaleoutput 1 outscalemult 64 outscaleshift 5 scaleprefetch 1 prefetchscalemult 44 prefetchscaleshift 7 Layer Memory 0 size 32768 max rows 8 start index 1 Base addr 0x8000 Addr Mask 0x7fff xbar layer index 0 SINGLE LAYER 
		Dest Entry 0 src addr 0 len 3584 simd base 0xa00000 simd mask 0x3ffff dest layer 29 layer mem idx 0 dest addr 0x0 incr e00 remap addr 0x910000 remap_mask 7fff LAYER_MEM  dest layer 31 layer mem idx 0 dest addr 0x0 incr e00 remap addr 0x1340000 remap_mask 7fff LAYER_MEM 
		Source Entry 0 src addr 0x0 src addr incr 3584 len 3584 src index 9 dest layer 28 dest idx 0 srcbase 2200000 srcmask 3ffff Source type  GLOBAL_SKIP_MEM  Dest type  SKIP_MEM 
		Conv Layer filter_sz 3 skip 1 padl 1 padr 1 padt 1 padb 1 dilation 1 relu 1 skip add 1 start xbar 1 xbar cnt 1 start col 0 ncols 0 nxbars 1 1  nconvs 1 1  nblocks 56 versplit 512  horsplit 2048  adcscale 1 pos neg acts 0 col split parameters, grpshift 0 sign  1 0  shift 0 0  type  Convolution  Xbar start layer 1 
	Layer ID 29 Row Sub Idx 2 nrows 56 ncols 56 in filters 64 out rows 28 out cols 28  out filters 128 outscale 1 inscale 1 remap region 1 scaleoutput 1 outscalemult 86 outscaleshift 6 scaleprefetch 0 prefetchscalemult 1 prefetchscaleshift 0 Layer Memory 0 size 32768 max rows 8 start index 2 Base addr 0x10000 Addr Mask 0x7fff xbar layer index 0 SINGLE LAYER 
		Dest Entry 0 src addr 0 len 3584 simd base 0x918000 simd mask 0x7fff dest layer 30 layer mem idx 0 dest addr 0x0 incr e00 remap addr 0x0 remap_mask ffffffff LAYER_MEM 
		Conv Layer filter_sz 3 skip 2 padl 1 padr 1 padt 1 padb 1 dilation 1 relu 1 skip add 0 start xbar 2 xbar cnt 1 start col 0 ncols 0 nxbars 1 1  nconvs 1 1  nblocks 28 versplit 512  horsplit 2048  adcscale 1 pos neg acts 0 col split parameters, grpshift 0 sign  1 0  shift 1 1  type  Convolution  Xbar start layer 2 
	Layer ID 30 Row Sub Idx 3 nrows 28 ncols 28 in filters 128 out rows 28 out cols 28  out filters 128 outscale 1 inscale 1 remap region 1 scaleoutput 1 outscalemult 30 outscaleshift 6 scaleprefetch 0 prefetchscalemult 1 prefetchscaleshift 0 Layer Memory 0 size 32768 max rows 8 start index 3 Base addr 0x18000 Addr Mask 0x7fff xbar layer index 0 SINGLE LAYER 
		Dest Entry 0 src addr 0 len 3584 simd base 0x2300000 simd mask 0x1ffff dest layer 10 layer mem idx 0 dest addr 0x0 incr e00 remap addr 0x0 remap_mask ffffffff GLOBAL_SKIP_MEM 
		Conv Layer filter_sz 3 skip 1 padl 1 padr 1 padt 1 padb 1 dilation 1 relu 0 skip add 0 start xbar 3 xbar cnt 1 start col 0 ncols 0 nxbars 1 1  nconvs 3 1  nblocks 10 versplit 512  horsplit 2048  adcscale 1 pos neg acts 0 col split parameters, grpshift 0 sign  1 0  shift 0 0  type  Convolution  Xbar start layer 3 
Row 13
	Layer ID 31 Row Sub Idx 0 nrows 56 ncols 56 in filters 64 out rows 28 out cols 28  out filters 128 outscale 1 inscale 1 remap region 0 scaleoutput 1 outscalemult 96 outscaleshift 5 scaleprefetch 1 prefetchscalemult 44 prefetchscaleshift 7 Layer Memory 0 size 32768 max rows 8 start index 0 Base addr 0x0 Addr Mask 0x7fff xbar layer index 0 SINGLE LAYER 
		Dest Entry 0 src addr 0 len 3584 simd base 0xa00000 simd mask 0x3ffff dest layer 32 layer mem idx 0 dest addr 0x0 incr e00 remap addr 0x908000 remap_mask 7fff LAYER_MEM  dest layer 11 layer mem idx 0 dest addr 0x0 incr e00 remap addr 0x2340000 remap_mask 1ffff GLOBAL_SKIP_MEM 
		Source Entry 0 src addr 0x0 src addr incr 3584 len 3584 src index 10 dest layer 31 dest idx 0 srcbase 2300000 srcmask 1ffff Source type  GLOBAL_SKIP_MEM  Dest type  SKIP_MEM 
		Conv Layer filter_sz 1 skip 2 padl 0 padr 0 padt 0 padb 0 dilation 1 relu 1 skip add 1 start xbar 0 xbar cnt 1 start col 0 ncols 0 nxbars 1 1  nconvs 2 2  nblocks 14 versplit 512  horsplit 2048  adcscale 1 pos neg acts 0 col split parameters, grpshift 0 sign  1 0  shift 0 0  type  Convolution  Xbar start layer 0 
	Layer ID 32 Row Sub Idx 1 nrows 28 ncols 28 in filters 128 out rows 28 out cols 28  out filters 128 outscale 1 inscale 1 remap region 1 scaleoutput 1 outscalemult 74 outscaleshift 6 scaleprefetch 0 prefetchscalemult 1 prefetchscaleshift 0 Layer Memory 0 size 32768 max rows 8 start index 1 Base addr 0x8000 Addr Mask 0x7fff xbar layer index 0 SINGLE LAYER 
		Dest Entry 0 src addr 0 len 3584 simd base 0x910000 simd mask 0x7fff dest layer 33 layer mem idx 0 dest addr 0x0 incr e00 remap addr 0x0 remap_mask ffffffff LAYER_MEM 
		Conv Layer filter_sz 3 skip 1 padl 1 padr 1 padt 1 padb 1 dilation 1 relu 1 skip add 0 start xbar 1 xbar cnt 1 start col 0 ncols 0 nxbars 1 1  nconvs 3 1  nblocks 10 versplit 512  horsplit 2048  adcscale 1 pos neg acts 0 col split parameters, grpshift 0 sign  1 0  shift 1 1  type  Convolution  Xbar start layer 1 
	Layer ID 33 Row Sub Idx 2 nrows 28 ncols 28 in filters 128 out rows 28 out cols 28  out filters 128 outscale 1 inscale 1 remap region 1 scaleoutput 1 outscalemult 64 outscaleshift 5 scaleprefetch 1 prefetchscalemult 104 prefetchscaleshift 7 Layer Memory 0 size 32768 max rows 8 start index 2 Base addr 0x10000 Addr Mask 0x7fff xbar layer index 0 SINGLE LAYER 
		Dest Entry 0 src addr 0 len 3584 simd base 0xa40000 simd mask 0x3ffff dest layer 34 layer mem idx 0 dest addr 0x0 incr e00 remap addr 0x918000 remap_mask 7fff LAYER_MEM  dest layer 36 layer mem idx 0 dest addr 0x0 incr e00 remap addr 0x1388000 remap_mask 7fff LAYER_MEM 
		Source Entry 0 src addr 0x0 src addr incr 3584 len 3584 src index 11 dest layer 33 dest idx 0 srcbase 2340000 srcmask 1ffff Source type  GLOBAL_SKIP_MEM  Dest type  SKIP_MEM 
		Conv Layer filter_sz 3 skip 1 padl 1 padr 1 padt 1 padb 1 dilation 1 relu 1 skip add 1 start xbar 2 xbar cnt 1 start col 0 ncols 0 nxbars 1 1  nconvs 3 1  nblocks 10 versplit 512  horsplit 2048  adcscale 1 pos neg acts 0 col split parameters, grpshift 0 sign  1 0  shift 0 0  type  Convolution  Xbar start layer 2 
	Layer ID 34 Row Sub Idx 3 nrows 28 ncols 28 in filters 128 out rows 14 out cols 14  out filters 256 outscale 1 inscale 1 remap region 2 scaleoutput 1 outscalemult 32 outscaleshift 6 scaleprefetch 0 prefetchscalemult 1 prefetchscaleshift 0 Layer Memory 0 size 32768 max rows 8 start index 3 Base addr 0x18000 Addr Mask 0x7fff xbar layer index 0 SINGLE LAYER 
		Dest Entry 0 src addr 0 len 3584 simd base 0x1380000 simd mask 0x7fff dest layer 35 layer mem idx 0 dest addr 0x0 incr e00 remap addr 0x0 remap_mask ffffffff LAYER_MEM 
		Conv Layer filter_sz 3 skip 2 padl 1 padr 1 padt 1 padb 1 dilation 1 relu 1 skip add 0 start xbar 3 xbar cnt 1 start col 0 ncols 0 nxbars 1 1  nconvs 1 1  nblocks 14 versplit 512  horsplit 2048  adcscale 1 pos neg acts 0 col split parameters, grpshift 0 sign  1 0  shift 1 1  type  Convolution  Xbar start layer 3 
Row 14
	Layer ID 35 Row Sub Idx 0 nrows 14 ncols 14 in filters 256 out rows 14 out cols 14  out filters 256 outscale 1 inscale 1 remap region 0 scaleoutput 1 outscalemult 64 outscaleshift 6 scaleprefetch 0 prefetchscalemult 1 prefetchscaleshift 0 Layer Memory 0 size 32768 max rows 8 start index 0 Base addr 0x0 Addr Mask 0x7fff xbar layer index 0 SINGLE LAYER 
		Dest Entry 0 src addr 0 len 3584 simd base 0x2380000 simd mask 0xffff dest layer 12 layer mem idx 0 dest addr 0x0 incr e00 remap addr 0x0 remap_mask ffffffff GLOBAL_SKIP_MEM 
		Conv Layer filter_sz 3 skip 1 padl 1 padr 1 padt 1 padb 1 dilation 1 relu 0 skip add 0 start xbar 0 xbar cnt 3 start col 0 ncols 0 nxbars 1 1  nconvs 1 1  nblocks 14 versplit 512  horsplit 768 768 768  adcscale 1 pos neg acts 0 col split parameters, grpshift 0 sign  1 0  shift 0 0  type  Convolution  Xbar start layer 0 
	Layer ID 36 Row Sub Idx 1 nrows 28 ncols 28 in filters 128 out rows 14 out cols 14  out filters 256 outscale 1 inscale 1 remap region 0 scaleoutput 1 outscalemult 96 outscaleshift 5 scaleprefetch 1 prefetchscalemult 62 prefetchscaleshift 7 Layer Memory 0 size 32768 max rows 8 start index 1 Base addr 0x8000 Addr Mask 0x7fff xbar layer index 0 SINGLE LAYER 
		Dest Entry 0 src addr 0 len 3584 simd base 0xa00000 simd mask 0x3ffff dest layer 37 layer mem idx 0 dest addr 0x0 incr e00 remap addr 0x13c0000 remap_mask 7fff LAYER_MEM  dest layer 13 layer mem idx 0 dest addr 0x0 incr e00 remap addr 0x2240000 remap_mask ffff GLOBAL_SKIP_MEM 
		Source Entry 0 src addr 0x0 src addr incr 3584 len 3584 src index 12 dest layer 36 dest idx 0 srcbase 2380000 srcmask ffff Source type  GLOBAL_SKIP_MEM  Dest type  SKIP_MEM 
		Conv Layer filter_sz 1 skip 2 padl 0 padr 0 padt 0 padb 0 dilation 1 relu 1 skip add 1 start xbar 3 xbar cnt 1 start col 0 ncols 0 nxbars 1 1  nconvs 1 1  nblocks 14 versplit 512  horsplit 2048  adcscale 1 pos neg acts 0 col split parameters, grpshift 0 sign  1 0  shift 0 0  type  Convolution  Xbar start layer 1 
Row 15
	Layer ID 37 Row Sub Idx 0 nrows 14 ncols 14 in filters 256 out rows 14 out cols 14  out filters 256 outscale 1 inscale 1 remap region 0 scaleoutput 1 outscalemult 90 outscaleshift 6 scaleprefetch 0 prefetchscalemult 1 prefetchscaleshift 0 Layer Memory 0 size 32768 max rows 8 start index 0 Base addr 0x0 Addr Mask 0x7fff xbar layer index 0 SINGLE LAYER 
		Dest Entry 0 src addr 0 len 3584 simd base 0x1400000 simd mask 0x7fff dest layer 38 layer mem idx 0 dest addr 0x0 incr e00 remap addr 0x0 remap_mask ffffffff LAYER_MEM 
		Conv Layer filter_sz 3 skip 1 padl 1 padr 1 padt 1 padb 1 dilation 1 relu 1 skip add 0 start xbar 0 xbar cnt 3 start col 0 ncols 0 nxbars 1 1  nconvs 1 1  nblocks 14 versplit 512  horsplit 768 768 768  adcscale 1 pos neg acts 0 col split parameters, grpshift 0 sign  1 0  shift 0 0  type  Convolution  Xbar start layer 0 
Row 16
	Layer ID 38 Row Sub Idx 0 nrows 14 ncols 14 in filters 256 out rows 14 out cols 14  out filters 256 outscale 1 inscale 1 remap region 0 scaleoutput 1 outscalemult 92 outscaleshift 6 scaleprefetch 1 prefetchscalemult 108 prefetchscaleshift 7 Layer Memory 0 size 32768 max rows 8 start index 0 Base addr 0x0 Addr Mask 0x7fff xbar layer index 0 SINGLE LAYER 
		Dest Entry 0 src addr 0 len 3584 simd base 0xa00000 simd mask 0x3ffff dest layer 39 layer mem idx 0 dest addr 0x0 incr e00 remap addr 0x1440000 remap_mask 7fff LAYER_MEM  dest layer 41 layer mem idx 0 dest addr 0x0 incr e00 remap addr 0x1488000 remap_mask 7fff LAYER_MEM 
		Source Entry 0 src addr 0x0 src addr incr 3584 len 3584 src index 13 dest layer 38 dest idx 0 srcbase 2240000 srcmask ffff Source type  GLOBAL_SKIP_MEM  Dest type  SKIP_MEM 
		Conv Layer filter_sz 3 skip 1 padl 1 padr 1 padt 1 padb 1 dilation 1 relu 1 skip add 1 start xbar 0 xbar cnt 3 start col 0 ncols 0 nxbars 1 1  nconvs 1 1  nblocks 14 versplit 512  horsplit 768 768 768  adcscale 1 pos neg acts 0 col split parameters, grpshift 0 sign  1 0  shift 0 0  type  Convolution  Xbar start layer 0 
Row 17
	Layer ID 39 Row Sub Idx 0 nrows 14 ncols 14 in filters 256 out rows 7 out cols 7  out filters 512 outscale 1 inscale 1 remap region 0 scaleoutput 1 outscalemult 106 outscaleshift 6 scaleprefetch 0 prefetchscalemult 1 prefetchscaleshift 0 Layer Memory 0 size 32768 max rows 8 start index 0 Base addr 0x0 Addr Mask 0x7fff xbar layer index 0 SINGLE LAYER 
		Dest Entry 0 src addr 0 len 3584 simd base 0x1480000 simd mask 0x7fff dest layer 40 layer mem idx 0 dest addr 0x0 incr e00 remap addr 0x0 remap_mask ffffffff LAYER_MEM 
		Conv Layer filter_sz 3 skip 2 padl 1 padr 1 padt 1 padb 1 dilation 1 relu 1 skip add 0 start xbar 0 xbar cnt 3 start col 0 ncols 0 nxbars 1 1  nconvs 1 1  nblocks 7 versplit 512  horsplit 768 768 768  adcscale 1 pos neg acts 0 col split parameters, grpshift 0 sign  1 0  shift 0 0  type  Convolution  Xbar start layer 0 
Row 18
	Layer ID 40 Row Sub Idx 0 nrows 7 ncols 7 in filters 512 out rows 7 out cols 7  out filters 512 outscale 1 inscale 1 remap region 0 scaleoutput 1 outscalemult 64 outscaleshift 6 scaleprefetch 0 prefetchscalemult 1 prefetchscaleshift 0 Layer Memory 0 size 32768 max rows 8 start index 0 Base addr 0x0 Addr Mask 0x7fff xbar layer index 0 SINGLE LAYER 
		Dest Entry 0 src addr 0 len 3584 simd base 0x2480000 simd mask 0x7fff dest layer 14 layer mem idx 0 dest addr 0x0 incr e00 remap addr 0x0 remap_mask ffffffff GLOBAL_SKIP_MEM 
		Conv Layer filter_sz 3 skip 1 padl 1 padr 1 padt 1 padb 1 dilation 1 relu 0 skip add 0 start xbar 0 xbar cnt 3 start col 0 ncols 0 nxbars 1 1  nconvs 1 1  nblocks 7 versplit 512  horsplit 1536 1536 1536  adcscale 1 pos neg acts 0 col split parameters, grpshift 0 sign  1 0  shift 1 1  type  Convolution  Xbar start layer 0 
	Layer ID 41 Row Sub Idx 1 nrows 14 ncols 14 in filters 256 out rows 7 out cols 7  out filters 512 outscale 1 inscale 1 remap region 0 scaleoutput 1 outscalemult 96 outscaleshift 5 scaleprefetch 1 prefetchscalemult 9 prefetchscaleshift 7 Layer Memory 0 size 32768 max rows 8 start index 1 Base addr 0x8000 Addr Mask 0x7fff xbar layer index 0 SINGLE LAYER 
		Dest Entry 0 src addr 0 len 3584 simd base 0xa00000 simd mask 0x3ffff dest layer 42 layer mem idx 0 dest addr 0x0 incr e00 remap addr 0x14c0000 remap_mask 7fff LAYER_MEM  dest layer 15 layer mem idx 0 dest addr 0x0 incr e00 remap addr 0x2400000 remap_mask 7fff GLOBAL_SKIP_MEM 
		Source Entry 0 src addr 0x0 src addr incr 3584 len 3584 src index 14 dest layer 41 dest idx 0 srcbase 2480000 srcmask 7fff Source type  GLOBAL_SKIP_MEM  Dest type  SKIP_MEM 
		Conv Layer filter_sz 1 skip 2 padl 0 padr 0 padt 0 padb 0 dilation 1 relu 1 skip add 1 start xbar 3 xbar cnt 1 start col 0 ncols 0 nxbars 1 1  nconvs 1 1  nblocks 7 versplit 512  horsplit 2048  adcscale 1 pos neg acts 0 col split parameters, grpshift 0 sign  1 0  shift 0 0  type  Convolution  Xbar start layer 1 
Row 19
	Layer ID 42 Row Sub Idx 0 nrows 7 ncols 7 in filters 512 out rows 7 out cols 7  out filters 512 outscale 1 inscale 1 remap region 0 scaleoutput 1 outscalemult 118 outscaleshift 6 scaleprefetch 0 prefetchscalemult 1 prefetchscaleshift 0 Layer Memory 0 size 32768 max rows 8 start index 0 Base addr 0x0 Addr Mask 0x7fff xbar layer index 0 SINGLE LAYER 
		Dest Entry 0 src addr 0 len 3584 simd base 0x1500000 simd mask 0x7fff dest layer 43 layer mem idx 0 dest addr 0x0 incr e00 remap addr 0x0 remap_mask ffffffff LAYER_MEM 
		Conv Layer filter_sz 3 skip 1 padl 1 padr 1 padt 1 padb 1 dilation 1 relu 1 skip add 0 start xbar 0 xbar cnt 3 start col 0 ncols 0 nxbars 1 1  nconvs 1 1  nblocks 7 versplit 512  horsplit 1536 1536 1536  adcscale 1 pos neg acts 0 col split parameters, grpshift 0 sign  1 0  shift 1 1  type  Convolution  Xbar start layer 0 
Row 20
	Layer ID 43 Row Sub Idx 0 nrows 7 ncols 7 in filters 512 out rows 7 out cols 7  out filters 512 outscale 1 inscale 1 remap region 0 scaleoutput 1 outscalemult 96 outscaleshift 5 scaleprefetch 1 prefetchscalemult 83 prefetchscaleshift 7 Layer Memory 0 size 32768 max rows 8 start index 0 Base addr 0x0 Addr Mask 0x7fff xbar layer index 0 SINGLE LAYER 
		Dest Entry 0 src addr 0 len 3584 simd base 0x1540000 simd mask 0x7fff dest layer 44 layer mem idx 0 dest addr 0x0 incr e00 remap addr 0x0 remap_mask ffffffff LAYER_MEM 
		Source Entry 0 src addr 0x0 src addr incr 3584 len 3584 src index 15 dest layer 43 dest idx 0 srcbase 2400000 srcmask 7fff Source type  GLOBAL_SKIP_MEM  Dest type  SKIP_MEM 
		Conv Layer filter_sz 3 skip 1 padl 1 padr 1 padt 1 padb 1 dilation 1 relu 1 skip add 1 start xbar 0 xbar cnt 3 start col 0 ncols 0 nxbars 1 1  nconvs 1 1  nblocks 7 versplit 512  horsplit 1536 1536 1536  adcscale 1 pos neg acts 0 col split parameters, grpshift 0 sign  1 0  shift 0 0  type  Convolution  Xbar start layer 0 
Row 21
	Layer ID 44 Row Sub Idx 0 nrows 7 ncols 7 in filters 512 out rows 7 out cols 7  out filters 128 outscale 1 inscale 1 remap region 0 scaleoutput 1 outscalemult 106 outscaleshift 6 scaleprefetch 0 prefetchscalemult 1 prefetchscaleshift 0 Layer Memory 0 size 32768 max rows 8 start index 0 Base addr 0x0 Addr Mask 0x7fff xbar layer index 0 SINGLE LAYER 
		Dest Entry 0 src addr 0 len 896 simd base 0x908000 simd mask 0x3fff dest layer 45 layer mem idx 0 dest addr 0x0 incr 380 remap addr 0x0 remap_mask ffffffff LAYER_MEM 
		Conv Layer filter_sz 3 skip 1 padl 1 padr 1 padt 1 padb 1 dilation 1 relu 1 skip add 0 start xbar 0 xbar cnt 3 start col 0 ncols 0 nxbars 1 1  nconvs 1 1  nblocks 7 versplit 512  horsplit 1536 1536 1536  adcscale 1 pos neg acts 0 col split parameters, grpshift 0 sign  1 0  shift 0 0  type  Convolution  Xbar start layer 0 
	Layer ID 45 Row Sub Idx 1 nrows 7 ncols 7 in filters 128 out rows 7 out cols 7  out filters 21 outscale 1 inscale 1 remap region 0 scaleoutput 1 outscalemult 74 outscaleshift 6 scaleprefetch 0 prefetchscalemult 1 prefetchscaleshift 0 Layer Memory 0 size 16384 max rows 8 start index 1 Base addr 0x8000 Addr Mask 0x3fff xbar layer index 0 SINGLE LAYER 
		Dest Entry 0 src addr 0 len 147 simd base 0x3018000 simd mask 0x3fff dest layer 113 layer mem idx 0 dest addr 0x0 incr 93 remap addr 0x0 remap_mask ffffffff LAYER_MEM 
		Conv Layer filter_sz 1 skip 1 padl 0 padr 0 padt 0 padb 0 dilation 1 relu 0 skip add 0 start xbar 3 xbar cnt 1 start col 0 ncols 0 nxbars 1 1  nconvs 4 3  nblocks 2 versplit 512  horsplit 2048  adcscale 1 pos neg acts 0 col split parameters, grpshift 0 sign  1 0  shift 0 0  type  Convolution  Xbar start layer 1 
Skip Memory 0 subarray 0 Base address 0x0 nrows 56 rowsz 3584 Allocsz 0x40000
Skip Memory 1 subarray 0 Base address 0x40000 nrows 56 rowsz 3584 Allocsz 0x40000
Skip Memory 2 subarray 0 Base address 0x80000 nrows 28 rowsz 3584 Allocsz 0x20000
Skip Memory 3 subarray 0 Base address 0xa0000 nrows 28 rowsz 3584 Allocsz 0x20000
Skip Memory 4 subarray 0 Base address 0xc0000 nrows 14 rowsz 3584 Allocsz 0x10000
Skip Memory 5 subarray 0 Base address 0xd0000 nrows 14 rowsz 3584 Allocsz 0x10000
Skip Memory 6 subarray 0 Base address 0x1c0000 nrows 7 rowsz 3584 Allocsz 0x8000
Skip Memory 7 subarray 0 Base address 0xe0000 nrows 7 rowsz 3584 Allocsz 0x8000
Skip Memory 8 subarray 1 Base address 0xc0000 nrows 56 rowsz 3584 Allocsz 0x40000
Skip Memory 9 subarray 1 Base address 0x0 nrows 56 rowsz 3584 Allocsz 0x40000
Skip Memory 10 subarray 1 Base address 0x100000 nrows 28 rowsz 3584 Allocsz 0x20000
Skip Memory 11 subarray 1 Base address 0x140000 nrows 28 rowsz 3584 Allocsz 0x20000
Skip Memory 12 subarray 1 Base address 0x180000 nrows 14 rowsz 3584 Allocsz 0x10000
Skip Memory 13 subarray 1 Base address 0x40000 nrows 14 rowsz 3584 Allocsz 0x10000
Skip Memory 14 subarray 2 Base address 0x80000 nrows 7 rowsz 3584 Allocsz 0x8000
Skip Memory 15 subarray 2 Base address 0x0 nrows 7 rowsz 3584 Allocsz 0x8000
