Map Report - Chip 0
NRows 2
IO Module 
	Layer ID 100 Row Sub Idx 0 nrows 8 ncols 8 in filters 3 out rows 8 out cols 8  out filters 3 outscale 1 inscale 1 remap region 0 scaleoutput 0 outscalemult 1 outscaleshift 0 scaleprefetch 0 prefetchscalemult 1 prefetchscaleshift 0 Layer Memory 0 size 16384 max rows 3 start index 0 Base addr 0x0 Addr Mask 0x3fff xbar layer index 0 SINGLE LAYER 
		Dest Entry 0 src addr 0 len 24 simd base 0x1000000 simd mask 0x3fff dest layer 0 layer mem idx 0 dest addr 0x0 incr 18 remap addr 0x0 remap_mask ffffffff LAYER_MEM 
		Input Layer, input filters 
	Layer ID 101 Row Sub Idx 1 nrows 8 ncols 8 in filters 8 out rows 8 out cols 8  out filters 8 outscale 1 inscale 1 remap region 0 scaleoutput 0 outscalemult 1 outscaleshift 0 scaleprefetch 0 prefetchscalemult 1 prefetchscaleshift 0 Layer Memory 0 size 16384 max rows 3 start index 1 Base addr 0x4000 Addr Mask 0x3fff xbar layer index 0 SINGLE LAYER 
		Dest Entry 0 src addr 0 len 64 simd base 0x90c000 simd mask 0x3fff dest layer 103 layer mem idx 0 dest addr 0x90c000 incr 40 remap addr 0x0 remap_mask ffffffff LAYER_MEM 
		Output Layer, input filters 
	Layer ID 102 Row Sub Idx 2 nrows 8 ncols 8 in filters 8 out rows 8 out cols 8  out filters 8 outscale 1 inscale 1 remap region 0 scaleoutput 0 outscalemult 1 outscaleshift 0 scaleprefetch 0 prefetchscalemult 1 prefetchscaleshift 0 Layer Memory 0 size 16384 max rows 3 start index 2 Base addr 0x8000 Addr Mask 0x3fff xbar layer index 0 SINGLE LAYER 
		Dest Entry 0 src addr 0 len 64 simd base 0x90c000 simd mask 0x3fff dest layer 104 layer mem idx 0 dest addr 0x90c000 incr 40 remap addr 0x0 remap_mask ffffffff LAYER_MEM 
		Output Layer, input filters 
Row 0
	Layer ID 0 Row Sub Idx 0 nrows 8 ncols 8 in filters 3 out rows 8 out cols 8  out filters 8 outscale 1 inscale 1 remap region 0 scaleoutput 0 outscalemult 1 outscaleshift 0 scaleprefetch 0 prefetchscalemult 1 prefetchscaleshift 0 Layer Memory 0 size 16384 max rows 3 start index 0 Base addr 0x0 Addr Mask 0x3fff xbar layer index 0 SINGLE LAYER 
		Dest Entry 0 src addr 0 len 64 simd base 0xa00000 simd mask 0x3ffff dest layer 1 layer mem idx 0 dest addr 0x0 incr 40 remap addr 0x904000 remap_mask 3fff LAYER_MEM  dest layer 2 layer mem idx 0 dest addr 0x0 incr 40 remap addr 0x1040000 remap_mask 3fff LAYER_MEM 
		Conv Layer filter_sz 1 skip 1 padl 0 padr 0 padt 0 padb 0 dilation 1 relu 0 skip add 0 start xbar 0 xbar cnt 1 start col 0 ncols 0 nxbars 1 1  nconvs 4 4  nblocks 2 versplit 256  horsplit 2048  adcscale 1 pos neg acts 0 col split parameters, grpshift 0 sign  1  shift 0  type  Convolution  Xbar start layer 0 
	Layer ID 1 Row Sub Idx 1 nrows 8 ncols 8 in filters 8 out rows 8 out cols 8  out filters 8 outscale 1 inscale 1 remap region 1 scaleoutput 0 outscalemult 1 outscaleshift 0 scaleprefetch 0 prefetchscalemult 1 prefetchscaleshift 0 Layer Memory 0 size 16384 max rows 3 start index 1 Base addr 0x4000 Addr Mask 0x3fff xbar layer index 0 SINGLE LAYER 
		Dest Entry 0 src addr 0 len 64 simd base 0x3004000 simd mask 0x3fff dest layer 101 layer mem idx 0 dest addr 0x908000 incr 40 remap addr 0x0 remap_mask ffffffff LAYER_MEM 
		Conv Layer filter_sz 1 skip 1 padl 0 padr 0 padt 0 padb 0 dilation 1 relu 0 skip add 0 start xbar 1 xbar cnt 1 start col 0 ncols 0 nxbars 1 1  nconvs 8 8  nblocks 2 versplit 256  horsplit 2048  adcscale 1 pos neg acts 0 col split parameters, grpshift 0 sign  1  shift 0  type  Convolution  Xbar start layer 1 
Row 1
	Layer ID 2 Row Sub Idx 0 nrows 8 ncols 8 in filters 8 out rows 8 out cols 8  out filters 8 outscale 1 inscale 1 remap region 0 scaleoutput 0 outscalemult 1 outscaleshift 0 scaleprefetch 0 prefetchscalemult 1 prefetchscaleshift 0 Layer Memory 0 size 16384 max rows 3 start index 0 Base addr 0x0 Addr Mask 0x3fff xbar layer index 0 SINGLE LAYER 
		Dest Entry 0 src addr 0 len 64 simd base 0x3008000 simd mask 0x3fff dest layer 102 layer mem idx 0 dest addr 0x908000 incr 40 remap addr 0x0 remap_mask ffffffff LAYER_MEM 
		Conv Layer filter_sz 1 skip 1 padl 0 padr 0 padt 0 padb 0 dilation 1 relu 0 skip add 0 start xbar 1 xbar cnt 1 start col 0 ncols 0 nxbars 1 1  nconvs 8 8  nblocks 2 versplit 256  horsplit 2048  adcscale 1 pos neg acts 0 col split parameters, grpshift 0 sign  1  shift 0  type  Convolution  Xbar start layer 0 
