Start Wt Configure Row 0------------------------------------------
MAC_BLK_ENABLE_POS  0<--0
SIMD_ENABLE_POS  24<--1
INPUT_DMA_START_POS  1000<--1
OUTPUT_DMA_START_POS  2000<--1
PREFETCH_DMA_START_POS  3000<--1
SYNC_CONFIG_POS + SYNC_OB_FULL_LEVEL_DISPL  4a0<--f
SYNC_CONFIG_POS + SYNC_RECV_CSQ_EN_DISPL  444<--0
SYNC_CONFIG_POS + SYNC_IB_CNTR_DISPL  498<--0
SYNC_CONFIG_POS + SYNC_IB_EMPTY_LEVEL_DISPL  490<--1
OUTPUT_UP_WAKE_CONFIG_BASE  380<--1
SIMD_INTR_RSET_POS  40<--904000
SIMD_INTR_RSET_POS + SIMD_INTR_ADDR_MASK_DISPL 44<--3fff
SIMD_INTR_CMD_POS  + SIMD_CMD_FIFO_STATUS_DISPL 8<--1
SIMD_INTR_CMD_POS  + SIMD_MAC_CMD_FIFO_STATUS_DISPL 14<--1
SIMD_INTR_CMD_POS  + SIMD_MAC_DATA_FIFO_STATUS_DISPL 18<--1
SIMD_INTR_CMD_POS  + SIMD_WBUF_ADDR_FIFO_STATUS_DISPL c<--1
SIMD_INTR_CMD_POS  + SIMD_WBUF_DATA_FIFO_STATUS_DISPL 10<--1
SIMD_INTR_CMD_POS  + SIMD_PREFETCH_FIFO_STATUS_DISPL 1c<--1
SIMD_INTR_CMD_POS  + SIMD_INTR_COMPARE_FIFO_STATUS_POS c4<--1
End Configure Row 0--------------------------------------------
Start Wt Configure Row 0------------------------------------------
MAC_BLK_ENABLE_POS  0<--0
SIMD_ENABLE_POS  24<--1
INPUT_DMA_START_POS  1000<--1
OUTPUT_DMA_START_POS  2000<--1
PREFETCH_DMA_START_POS  3000<--1
SYNC_CONFIG_POS + SYNC_OB_FULL_LEVEL_DISPL  4a0<--f
SYNC_CONFIG_POS + SYNC_RECV_CSQ_EN_DISPL  444<--0
SYNC_CONFIG_POS + SYNC_IB_CNTR_DISPL  498<--0
SYNC_CONFIG_POS + SYNC_IB_EMPTY_LEVEL_DISPL  490<--1
OUTPUT_UP_WAKE_CONFIG_BASE  380<--1
SIMD_INTR_RSET_POS  40<--904000
SIMD_INTR_RSET_POS + SIMD_INTR_ADDR_MASK_DISPL 44<--3fff
SIMD_INTR_CMD_POS  + SIMD_CMD_FIFO_STATUS_DISPL 8<--1
SIMD_INTR_CMD_POS  + SIMD_MAC_CMD_FIFO_STATUS_DISPL 14<--1
SIMD_INTR_CMD_POS  + SIMD_MAC_DATA_FIFO_STATUS_DISPL 18<--1
SIMD_INTR_CMD_POS  + SIMD_WBUF_ADDR_FIFO_STATUS_DISPL c<--1
SIMD_INTR_CMD_POS  + SIMD_WBUF_DATA_FIFO_STATUS_DISPL 10<--1
SIMD_INTR_CMD_POS  + SIMD_PREFETCH_FIFO_STATUS_DISPL 1c<--1
SIMD_INTR_CMD_POS  + SIMD_INTR_COMPARE_FIFO_STATUS_POS c4<--1
End Configure Row 0--------------------------------------------
