Map Report - Chip 0
NRows 1
IO Module 
	Layer ID 0 Row Sub Idx 0 nrows 10 ncols 10 in filters 8 out rows 10 out cols 10  out filters 8 outscale 1 inscale 1 remap region 0 scaleoutput 0 outscalemult 1 outscaleshift 0 scaleprefetch 0 prefetchscalemult 1 prefetchscaleshift 0 Layer Memory 0 size 16384 max rows 4 start index 0 Base addr 0x0 Addr Mask 0x3fff xbar layer index 0 SINGLE LAYER 
		Dest Entry 0 src addr 0 len 80 simd base 0x3004000 simd mask 0x3fff dest layer 1 layer mem idx 0 dest addr 0x0 incr 50 remap addr 0x0 remap_mask ffffffff LAYER_MEM 
		Input Layer, input filters  INPUT_EXTERNAL 
	Layer ID 1 Row Sub Idx 1 nrows 10 ncols 10 in filters 8 out rows 10 out cols 10  out filters 8 outscale 1 inscale 1 remap region 0 scaleoutput 0 outscalemult 1 outscaleshift 0 scaleprefetch 0 prefetchscalemult 1 prefetchscaleshift 0 Layer Memory 0 size 16384 max rows 4 start index 1 Base addr 0x4000 Addr Mask 0x3fff xbar layer index 0 SINGLE LAYER 
		Dest Entry 0 src addr 0 len 80 simd base 0x1000000 simd mask 0x3fff dest layer 2 layer mem idx 0 dest addr 0x0 incr 50 remap addr 0x0 remap_mask ffffffff LAYER_MEM 
		IO Bypass Layer, input filters 
	Layer ID 3 Row Sub Idx 2 nrows 6 ncols 6 in filters 16 out rows 6 out cols 6  out filters 16 outscale 1 inscale 1 remap region 0 scaleoutput 0 outscalemult 1 outscaleshift 0 scaleprefetch 0 prefetchscalemult 1 prefetchscaleshift 0 Layer Memory 0 size 16384 max rows 4 start index 2 Base addr 0x8000 Addr Mask 0x3fff Layer Memory 1 size 16384 max rows 4 start index 2 Base addr 0xc000 Addr Mask 0x3fff xbar layer index 0 SINGLE LAYER 
		Dest Entry 0 src addr 0 len 96 simd base 0x3008000 simd mask 0x3fff dest layer 4 layer mem idx 0 dest addr 0x3008000 incr 60 remap addr 0x0 remap_mask ffffffff LAYER_MEM 
		Output Layer, input filters  OUTPUT EXTERNAL 
Row 0
	Layer ID 2 Row Sub Idx 0 nrows 10 ncols 10 in filters 8 out rows 6 out cols 6  out filters 16 outscale 1 inscale 1 remap region 0 scaleoutput 0 outscalemult 1 outscaleshift 0 scaleprefetch 0 prefetchscalemult 1 prefetchscaleshift 0 Layer Memory 0 size 16384 max rows 4 start index 0 Base addr 0x0 Addr Mask 0x3fff xbar layer index 0 SINGLE LAYER 
		Dest Entry 0 src addr 0 len 96 simd base 0x3008000 simd mask 0x3fff dest layer 3 layer mem idx 0 dest addr 0x0 incr 60 remap addr 0x0 remap_mask ffffffff LAYER_MEM 
		Conv Layer filter_sz 3 skip 1 padl 0 padr 0 padt 0 padb 0 dilation 1 relu 0 skip add 0 start xbar 0 xbar cnt 1 start col 0 ncols 0 nxbars 1 1  nconvs 8 8  nblocks 1 versplit 256  horsplit 2048  adcscale 1 pos neg acts 0 col split parameters, grpshift 0 sign  1  shift 0  type  Convolution  Xbar start layer 0 
